// Jest Snapshot v1, https://goo.gl/fbAQLP

exports[`Snapshot Test 1`] = `
Object {
  "Parameters": Object {
    "AssetParameterse55e6efb0b11098c66d5f12bc878e901d6e3f12b4d77c91ae76cd0306a8f9211ArtifactHash3A8340C6": Object {
      "Description": "Artifact hash for asset \\"e55e6efb0b11098c66d5f12bc878e901d6e3f12b4d77c91ae76cd0306a8f9211\\"",
      "Type": "String",
    },
    "AssetParameterse55e6efb0b11098c66d5f12bc878e901d6e3f12b4d77c91ae76cd0306a8f9211S3Bucket53BB97E5": Object {
      "Description": "S3 bucket for asset \\"e55e6efb0b11098c66d5f12bc878e901d6e3f12b4d77c91ae76cd0306a8f9211\\"",
      "Type": "String",
    },
    "AssetParameterse55e6efb0b11098c66d5f12bc878e901d6e3f12b4d77c91ae76cd0306a8f9211S3VersionKeyF51A2E0D": Object {
      "Description": "S3 key for asset version \\"e55e6efb0b11098c66d5f12bc878e901d6e3f12b4d77c91ae76cd0306a8f9211\\"",
      "Type": "String",
    },
  },
  "Resources": Object {
    "TestAlarmFunction0CE806B6": Object {
      "DependsOn": Array [
        "TestAlarmFunctionServiceRoleBB959AB8",
      ],
      "Properties": Object {
        "Code": Object {
          "S3Bucket": Object {
            "Ref": "AssetParameterse55e6efb0b11098c66d5f12bc878e901d6e3f12b4d77c91ae76cd0306a8f9211S3Bucket53BB97E5",
          },
          "S3Key": Object {
            "Fn::Join": Array [
              "",
              Array [
                Object {
                  "Fn::Select": Array [
                    0,
                    Object {
                      "Fn::Split": Array [
                        "||",
                        Object {
                          "Ref": "AssetParameterse55e6efb0b11098c66d5f12bc878e901d6e3f12b4d77c91ae76cd0306a8f9211S3VersionKeyF51A2E0D",
                        },
                      ],
                    },
                  ],
                },
                Object {
                  "Fn::Select": Array [
                    1,
                    Object {
                      "Fn::Split": Array [
                        "||",
                        Object {
                          "Ref": "AssetParameterse55e6efb0b11098c66d5f12bc878e901d6e3f12b4d77c91ae76cd0306a8f9211S3VersionKeyF51A2E0D",
                        },
                      ],
                    },
                  ],
                },
              ],
            ],
          },
        },
        "Description": "CloudWatch Alarms to Microsoft Teams Webhook",
        "Environment": Object {
          "Variables": Object {
            "MS_TEAMS_WEBHOOK": "https://testhook.com",
          },
        },
        "Handler": "index.handler",
        "Role": Object {
          "Fn::GetAtt": Array [
            "TestAlarmFunctionServiceRoleBB959AB8",
            "Arn",
          ],
        },
        "Runtime": "python3.8",
      },
      "Type": "AWS::Lambda::Function",
    },
    "TestAlarmFunctionAllowInvokeTestSNSTopicC77C5CD20A249902": Object {
      "Properties": Object {
        "Action": "lambda:InvokeFunction",
        "FunctionName": Object {
          "Fn::GetAtt": Array [
            "TestAlarmFunction0CE806B6",
            "Arn",
          ],
        },
        "Principal": "sns.amazonaws.com",
        "SourceArn": Object {
          "Ref": "TestSNSTopicAFADF243",
        },
      },
      "Type": "AWS::Lambda::Permission",
    },
    "TestAlarmFunctionSNSTopic72DD8974": Object {
      "Properties": Object {
        "Endpoint": Object {
          "Fn::GetAtt": Array [
            "TestAlarmFunction0CE806B6",
            "Arn",
          ],
        },
        "Protocol": "lambda",
        "TopicArn": Object {
          "Ref": "TestSNSTopicAFADF243",
        },
      },
      "Type": "AWS::SNS::Subscription",
    },
    "TestAlarmFunctionServiceRoleBB959AB8": Object {
      "Properties": Object {
        "AssumeRolePolicyDocument": Object {
          "Statement": Array [
            Object {
              "Action": "sts:AssumeRole",
              "Effect": "Allow",
              "Principal": Object {
                "Service": "lambda.amazonaws.com",
              },
            },
          ],
          "Version": "2012-10-17",
        },
        "ManagedPolicyArns": Array [
          Object {
            "Fn::Join": Array [
              "",
              Array [
                "arn:",
                Object {
                  "Ref": "AWS::Partition",
                },
                ":iam::aws:policy/service-role/AWSLambdaBasicExecutionRole",
              ],
            ],
          },
        ],
      },
      "Type": "AWS::IAM::Role",
    },
    "TestSNSTopicAFADF243": Object {
      "Type": "AWS::SNS::Topic",
    },
  },
}
`;
